> {"jsonrpc":"2.0","id":1,"method":"web3_clientVersion"}
< {"jsonrpc":"2.0","id":1,"error":{"code":-32601,"message":"the method web3_clientVersion does not exist/is not available"}}
