> {"jsonrpc":"2.0","id":1,"method":"web3_clientVersion"}
< {"jsonrpc":"2.0","id":1,"result":"Geth"}
