> {"jsonrpc":"2.0","id":1,"method":"eth_getBlockTransactionCountByHash","params":["0x0000000000000000000000000000000000000000000000000000000000000000"]}
< {"jsonrpc":"2.0","id":1,"result":null}
