> {"jsonrpc":"2.0","id":1,"method":"eth_getBlockTransactionCountByHash","params":["0xc43d35f6a64f8a64f046c8deb4069572d622dfe7f028f62301b186f08f0e96f2"]}
< {"jsonrpc":"2.0","id":1,"result":"0x20"}
