> {"jsonrpc":"2.0","id":1,"method":"eth_getBlockTransactionCountByNumber","params":["0xe5a510"]}
< {"jsonrpc":"2.0","id":1,"result":"0x20"}
