> {"jsonrpc":"2.0","id":1,"method":"eth_call","params":[{"to":"0xc02aaa39b223fe8d0a0e5c4f27ead9083c756cc2","data":"0x70a08231000000000000000000000000000000000000000000000000000000000000c0fe"},"latest",{"0xc02aaa39b223fe8d0a0e5c4f27ead9083c756cc2":{"stateDiff":{"0xf68b260b81af177c0bf1a03b5d62b15aea1b486f8df26c77f33aed7538cfeb2c":"0x000000000000000000000000000000000000000000000000000000000000002a"}}}]}
< {"jsonrpc":"2.0","id":1,"result":"0x000000000000000000000000000000000000000000000000000000000000002a"}
