> {"jsonrpc":"2.0","id":1,"method":"eth_createAccessList","params":[{"to":"0xc02aaa39b223fe8d0a0e5c4f27ead9083c756cc2","data":"0x70a08231000000000000000000000000000000000000000000000000000000000000c0fe"},"latest"]}
< {"jsonrpc":"2.0","id":1,"result":{"accessList":[{"address":"0xc02aaa39b223fe8d0a0e5c4f27ead9083c756cc2","storageKeys":["0xf68b260b81af177c0bf1a03b5d62b15aea1b486f8df26c77f33aed7538cfeb2c"]}],"gasUsed":"0x65c2"}}
