> {"jsonrpc":"2.0","id":1,"method":"eth_getTransactionByHash","params":["0x2ecd08e86079f08cfc27c326aa01b1c8d62f288d5961118056bac7da315f94d9"]}
< {"jsonrpc":"2.0","id":1,"result":{"blockHash":"0x9b83c12c69edb74f6c8dd5d052765c1adf940e320bd1291696e6fa07829eee71","blockNumber":"0xc5d488","from":"0x46499275b5c4d67dfa46b92d89aada3158ea392e","gas":"0x5208","gasPrice":"0x16afba42600","hash":"0x2ecd08e86079f08cfc27c326aa01b1c8d62f288d5961118056bac7da315f94d9","input":"0x","nonce":"0xcdc","to":"0x46499275b5c4d67dfa46b92d89aada3158ea392e","transactionIndex":"0x0","value":"0x0","type":"0x0","v":"0x26","r":"0xcfaab0b753c1d71f695029e5b5da2f2f619370f5f224a42e1c19dcdcb9e814da","s":"0x606961e8b1dce9439df856ef1d1243f81f45938bac647568253260473efe7cc1"}}
