> {"jsonrpc":"2.0","id":1,"method":"eth_getBlockByNumber","params":["0x3b9ac9ff",true]}
< {"jsonrpc":"2.0","id":1,"result":null}
