> {"jsonrpc":"2.0","id":1,"method":"eth_getBlockByNumber","params":["0xb443",true]}
< {"jsonrpc":"2.0","id":1,"result":{"difficulty":"0x153886c1bbd","extraData":"0x657468706f6f6c2e6f7267","gasLimit":"0x520b","gasUsed":"0x5208","hash":"0x4e3a3754410177e6937ef1f84bba68ea139e8d1a2258c5f85db9f1cd715a1bdd","logsBloom":"0x00000000000000000000000000000000000000000000000000000000000000000000000000000000000000000000000000000000000000000000000000000000000000000000000000000000000000000000000000000000000000000000000000000000000000000000000000000000000000000000000000000000000000000000000000000000000000000000000000000000000000000000000000000000000000000000000000000000000000000000000000000000000000000000000000000000000000000000000000000000000000000000000000000000000000000000000000000000000000000000000000000000000000000000000000000000","miner":"0xe6a7a1d47ff21b6321162aea7c6cb457d5476bca","mixHash":"0xb48c515a9dde8d346c3337ea520aa995a4738bb595495506125449c1149d6cf4","nonce":"0xba4f8ecd18aab215","number":"0xb443","parentHash":"0x5a41d0e66b4120775176c09fcf39e7c0520517a13d2b57b18d33d342df038bfc","receiptsRoot":"0xfe2bf2a941abf41d72637e5b91750332a30283efd40c424dc522b77e6f0ed8c4","sha3Uncles":"0x1dcc4de8dec75d7aab85b567b6ccd41ad312451b948a7413f0a142fd40d49347","size":"0x27a","stateRoot":"0x0e0df2706b0a4fb8bd08c9246d472abbe850af446405d9eba1db41db18b4a169","timestamp":"0x55c42659","totalDifficulty":"0x97a50222edba99","transactions":[{"blockHash":"0x4e3a3754410177e6937ef1f84bba68ea139e8d1a2258c5f85db9f1cd715a1bdd","blockNumber":"0xb443","from":"0xa1e4380a3b1f749673e270229993ee55f35663b4","gas":"0x5208","gasPrice":"0x2d79883d2000","hash":"0x5c504ed432cb51138bcf09aa5e8a410dd4a1e204ef84bfed1be16dfba1b22060","input":"0x","nonce":"0x0","to":"0x5df9b87991262f6ba471f09758cde1c0fc1de734","transactionIndex":"0x0","value":"0x7a69","type":"0x0","v":"0x1c","r":"0x88ff6cf0fefd94db46111149ae4bfc179e9b94721fffd821d38d16464b3f71d0","s":"0x45e0aff800961cfce805daef7016b9b675c137a6a41a548f7b60a3484c06a33a"}],"transactionsRoot":"0x4513310fcb9f6f616972a3b948dc5d547f280849a87ebb5af0191f98b87be598","uncles":[]}}
