> {"jsonrpc":"2.0","id":1,"method":"eth_getBalance","params":["0x000000000000000000000000000000000000c0fe","latest"]}
< {"jsonrpc":"2.0","id":1,"result":"0xde0b6b3a7640000"}
