> {"jsonrpc":"2.0","id":1,"method":"eth_getLogs","params":[{"fromBlock":"0x989680","toBlock":"0x98bd90","topics":[["0x0d3648bd0f6ba80134a33ba9275ac585d9d315f0ad8355cddefde31afa28d0e9"]]}]}
< {"jsonrpc":"2.0","id":1,"result":[{"address":"0x5c69bee701ef814a2b6a3edd4b1652cb9cc5aa6f","topics":["0x0d3648bd0f6ba80134a33ba9275ac585d9d315f0ad8355cddefde31afa28d0e9","0x000000000000000000000000a0b86991c6218b36c1d19d4a2e9eb0ce3606eb48","0x000000000000000000000000c02aaa39b223fe8d0a0e5c4f27ead9083c756cc2"],"data":"0x000000000000000000000000b4e16d0168e52d35cacd2c6185b44281ec28c9dc0000000000000000000000000000000000000000000000000000000000000001","blockNumber":"0x98b723","transactionHash":"0xd07cbde817318492092cc7a27b3064a69bd893c01cb593d6029683ffd290ab3a","transactionIndex":"0x26","blockHash":"0x359d1dc4f14f9a07cba3ae8416958978ce98f78ad7b8d505925dad9722081f04","logIndex":"0x22","removed":false},{"address":"0x5c69bee701ef814a2b6a3edd4b1652cb9cc5aa6f","topics":["0x0d3648bd0f6ba80134a33ba9275ac585d9d315f0ad8355cddefde31afa28d0e9","0x0000000000000000000000008e870d67f660d95d5be530380d0ec0bd388289e1","0x000000000000000000000000a0b86991c6218b36c1d19d4a2e9eb0ce3606eb48"],"data":"0x0000000000000000000000003139ffc91b99aa94da8a2dc13f1fc36f9bdc98ee0000000000000000000000000000000000000000000000000000000000000002","blockNumber":"0x98b7b4","transactionHash":"0xb0621ca74cee9f540dda6d575f6a7b876133b42684c1259aaeb59c831410ccb2","transactionIndex":"0x23","blockHash":"0x27ff22f242123ca65b93d3886f1fa62bfa8f2a5d1c224750a7356b1c18b821f4","logIndex":"0x1c","removed":false}]}
