> {"jsonrpc":"2.0","id":1,"method":"eth_getTransactionByBlockNumberAndIndex","params":["0xc5d489","0x62"]}
< {"jsonrpc":"2.0","id":1,"result":{"blockHash":"0xa32d159805750cbe428b799a49b85dcb2300f61d806786f317260e721727d162","blockNumber":"0xc5d489","from":"0x2e419a06feb47d5f640636a55a814757fa10edf9","gas":"0xb886","gasPrice":"0x755d7a88e","maxFeePerGas":"0x789ff9700","maxPriorityFeePerGas":"0x712ca0300","hash":"0xed382cb554ad10e94921d263a56c670669d6c380bbdacdbf96fed625b7132a1d","input":"0x095ea7b30000000000000000000000007645eec8bb51862a5aa855c40971b2877dae81afffffffffffffffffffffffffffffffffffffffffffffffffffffffffffffffff","nonce":"0x105","to":"0x491d6b7d6822d5d4bc88a1264e1b47791fd8e904","transactionIndex":"0x62","value":"0x0","type":"0x2","accessList":[],"chainId":"0x1","v":"0x1","r":"0x416470241b7db89c67526881b6fd8e145416b294a35bf4280d3079f6308c2d11","s":"0x2c0af1cc55c22c0bab79ec083801da63253453156356fcd4291f50d0f425a0ee"}}
