> {"jsonrpc":"2.0","id":1,"method":"eth_sendRawTransaction","params":["0x02f8b301820105850712ca0300850789ff970082b88694491d6b7d6822d5d4bc88a1264e1b47791fd8e90480b844095ea7b30000000000000000000000007645eec8bb51862a5aa855c40971b2877dae81afffffffffffffffffffffffffffffffffffffffffffffffffffffffffffffffffc001a0416470241b7db89c67526881b6fd8e145416b294a35bf4280d3079f6308c2d11a02c0af1cc55c22c0bab79ec083801da63253453156356fcd4291f50d0f425a0ee"]}
< {"jsonrpc":"2.0","id":1,"result":"0xed382cb554ad10e94921d263a56c670669d6c380bbdacdbf96fed625b7132a1d"}
