> {"jsonrpc":"2.0","id":1,"method":"eth_getUncleCountByBlockNumber","params":["0xe5a534"]}
< {"jsonrpc":"2.0","id":1,"result":"0x1"}
