> {"jsonrpc":"2.0","id":1,"method":"eth_getUncleByBlockHashAndIndex","params":["0x7a98a492c1288a8451905bc665cb28d45fbdf8913c34d4ad756acb0609342e67","0x0"]}
< {"jsonrpc":"2.0","id":1,"result":{"baseFeePerGas":"0xa688e9452","difficulty":"0x3252ebd268b855","extraData":"0x466c6578706f6f6c2f53302f484b202d20546f726f6e746f","gasLimit":"0x1c9c380","gasUsed":"0x47d8e7","hash":"0x68d69fd5cf732a9a5d53fab0638c7608208a831dc1c440e5f2bc9f8024175291","logsBloom":"0x08200144090018000030b040821105200400800000148002000106861402e08111400008080b0420124248000008c1441a1110002a00361080c00010053a202124420000000020286900003ff080402082e6000804459404b28029019201102a1300f000020ac02082820580182028402115c420e030040288000030082a40129210210500030010005c0000020020040c10408529221058c0002040401028059a800123802664080ac0428105350210010402004010004330280204000b8840111500020400003828080000a000604108004260000900107400192a000920048114354818318008000016804104181020a210280068044000480a01020a6083","miner":"0x7f101fe45e6649a6fb8f3f8b43ed03d353f2b90c","mixHash":"0x99cabdd1355726d424faa49bf83b1820d456bb0f7d5fe83d53cff777294b4fe4","nonce":"0xfbe8b3c8c41a4459","number":"0xe5a533","parentHash":"0x8fb655702f8f86f047e9acc49842efee36f96a1ddf620d0f4ee312723f4908f7","receiptsRoot":"0x8bf939b3ced21c57210ef6935ed9add6803c696adab0c2be1c54e2239c674ffe","sha3Uncles":"0x1dcc4de8dec75d7aab85b567b6ccd41ad312451b948a7413f0a142fd40d49347","size":"0x228","stateRoot":"0x4143920b2a110d8956ab2edd3f6be5042c6c25a62e79d94863bd54e0e54f38da","timestamp":"0x62bd8341","transactionsRoot":"0xb57bedbc9fa725a7a765bc833ee3b1e946816960780693415e144bf78a9f0a95","uncles":[]}}
