> {"jsonrpc":"2.0","id":1,"method":"debug_traceCall","params":[{"from":"0x000000000000000000000000000000000000c0fe","to":"0x000000000000000000000000000000000000dead","value":"0xde0b6b3a7640000"},"latest",{"tracer":"callTracer","stateOverrides":{"0x000000000000000000000000000000000000c0fe":{"balance":"0xde0b6b3a7640000"}}}]}
< {"jsonrpc":"2.0","id":1,"result":{"type":"CALL","from":"0x000000000000000000000000000000000000c0fe","to":"0x000000000000000000000000000000000000dead","value":"0xde0b6b3a7640000","gas":"0x2fa9e78","gasUsed":"0x0","input":"0x","output":"0x"}}
