> {"jsonrpc":"2.0","id":1,"method":"debug_traceCall","params":[{"from":"0x000000000000000000000000000000000000c0fe","to":"0x000000000000000000000000000000000000dead","value":"0xde0b6b3a7640000"},"latest",{"stateOverrides":{"0x000000000000000000000000000000000000c0fe":{"balance":"0xde0b6b3a7640000"}},"disableStorage":true,"disableStack":true,"enableReturnData":true}]}
< {"jsonrpc":"2.0","id":1,"result":{"structLogs":[],"gas":21000,"failed":false,"returnValue":""}}
